VM13:7 filterAuthorInlineStyles
VM13:7 context.pyramid.length 5582
VM13:7 context.declarations 2129378
VM13:7 context.bytes 34222677
VM13:7 filterAuthorInlineStyles
VM13:7 context.declarations 1022964
VM13:7 context.bytes 10465174
VM13:7 context.delta 23757503
VM13:7 runtime(ms) 18210.7
VM13:7 filterActiveInlineStyles
VM13:7 context.declarations 1022964
VM13:7 context.bytes 10465174
VM13:7 filterActiveInlineStyles pass #1
VM13:7 context.declarations 696888
VM13:7 context.bytes 2658255
VM13:7 context.delta 7806919
VM13:7 filterActiveInlineStyles pass #2
VM13:7 context.declarations 694504
VM13:7 context.bytes 2563811
VM13:7 context.delta 94444
VM13:7 filterActiveInlineStyles pass #3
VM13:7 context.declarations 694504
VM13:7 context.bytes 2563811
VM13:7 context.delta 0
VM13:7 filterActiveInlineStyles
VM13:7 runtime(ms) 46407
VM13:7 context.declarations 694504
VM13:7 context.bytes 2563811
VM13:7 context.delta 0
